Archive member included to satisfy reference by file (symbol)

h:/gcc-arm/5.4 2016q2/bin/../lib/gcc/arm-none-eabi/5.4.1/../../../../arm-none-eabi/lib/armv7e-m\libg_nano.a(lib_a-errno.o)
                              ./system/src/newlib/_sbrk.o (__errno)
h:/gcc-arm/5.4 2016q2/bin/../lib/gcc/arm-none-eabi/5.4.1/../../../../arm-none-eabi/lib/armv7e-m\libg_nano.a(lib_a-impure.o)
                              h:/gcc-arm/5.4 2016q2/bin/../lib/gcc/arm-none-eabi/5.4.1/../../../../arm-none-eabi/lib/armv7e-m\libg_nano.a(lib_a-errno.o) (_impure_ptr)

Allocating common symbols
Common symbol       size              file

timer_delayCount    0x4               ./src/Timer.o
errno               0x4               ./system/src/newlib/_syscalls.o

Discarded input sections

 .group         0x00000000        0x8 ./system/src/stm32f3-stdperiph/stm32f30x_gpio.o
 .group         0x00000000        0x8 ./system/src/stm32f3-stdperiph/stm32f30x_gpio.o
 .group         0x00000000        0x8 ./system/src/stm32f3-stdperiph/stm32f30x_gpio.o
 .group         0x00000000        0x8 ./system/src/stm32f3-stdperiph/stm32f30x_gpio.o
 .group         0x00000000        0x8 ./system/src/stm32f3-stdperiph/stm32f30x_gpio.o
 .group         0x00000000        0x8 ./system/src/stm32f3-stdperiph/stm32f30x_gpio.o
 .group         0x00000000        0x8 ./system/src/stm32f3-stdperiph/stm32f30x_gpio.o
 .group         0x00000000        0x8 ./system/src/stm32f3-stdperiph/stm32f30x_gpio.o
 .group         0x00000000        0x8 ./system/src/stm32f3-stdperiph/stm32f30x_gpio.o
 .group         0x00000000        0x8 ./system/src/stm32f3-stdperiph/stm32f30x_gpio.o
 .group         0x00000000        0x8 ./system/src/stm32f3-stdperiph/stm32f30x_gpio.o
 .group         0x00000000        0x8 ./system/src/stm32f3-stdperiph/stm32f30x_gpio.o
 .group         0x00000000        0x8 ./system/src/stm32f3-stdperiph/stm32f30x_gpio.o
 .group         0x00000000        0x8 ./system/src/stm32f3-stdperiph/stm32f30x_gpio.o
 .group         0x00000000        0x8 ./system/src/stm32f3-stdperiph/stm32f30x_gpio.o
 .group         0x00000000        0x8 ./system/src/stm32f3-stdperiph/stm32f30x_gpio.o
 .group         0x00000000        0x8 ./system/src/stm32f3-stdperiph/stm32f30x_gpio.o
 .group         0x00000000        0x8 ./system/src/stm32f3-stdperiph/stm32f30x_gpio.o
 .group         0x00000000        0x8 ./system/src/stm32f3-stdperiph/stm32f30x_gpio.o
 .group         0x00000000        0x8 ./system/src/stm32f3-stdperiph/stm32f30x_gpio.o
 .group         0x00000000        0x8 ./system/src/stm32f3-stdperiph/stm32f30x_gpio.o
 .group         0x00000000        0x8 ./system/src/stm32f3-stdperiph/stm32f30x_gpio.o
 .group         0x00000000        0x8 ./system/src/stm32f3-stdperiph/stm32f30x_gpio.o
 .group         0x00000000        0x8 ./system/src/stm32f3-stdperiph/stm32f30x_gpio.o
 .group         0x00000000        0x8 ./system/src/stm32f3-stdperiph/stm32f30x_gpio.o
 .group         0x00000000        0x8 ./system/src/stm32f3-stdperiph/stm32f30x_gpio.o
 .group         0x00000000        0x8 ./system/src/stm32f3-stdperiph/stm32f30x_gpio.o
 .group         0x00000000        0x8 ./system/src/stm32f3-stdperiph/stm32f30x_gpio.o
 .group         0x00000000        0x8 ./system/src/stm32f3-stdperiph/stm32f30x_gpio.o
 .group         0x00000000        0x8 ./system/src/stm32f3-stdperiph/stm32f30x_gpio.o
 .text          0x00000000        0x0 ./system/src/stm32f3-stdperiph/stm32f30x_gpio.o
 .data          0x00000000        0x0 ./system/src/stm32f3-stdperiph/stm32f30x_gpio.o
 .bss           0x00000000        0x0 ./system/src/stm32f3-stdperiph/stm32f30x_gpio.o
 .text.GPIO_DeInit
                0x00000000       0xf8 ./system/src/stm32f3-stdperiph/stm32f30x_gpio.o
 .text.GPIO_StructInit
                0x00000000       0x14 ./system/src/stm32f3-stdperiph/stm32f30x_gpio.o
 .text.GPIO_PinLockConfig
                0x00000000       0x48 ./system/src/stm32f3-stdperiph/stm32f30x_gpio.o
 .text.GPIO_ReadInputDataBit
                0x00000000       0xac ./system/src/stm32f3-stdperiph/stm32f30x_gpio.o
 .text.GPIO_ReadInputData
                0x00000000       0x48 ./system/src/stm32f3-stdperiph/stm32f30x_gpio.o
 .text.GPIO_ReadOutputDataBit
                0x00000000       0xac ./system/src/stm32f3-stdperiph/stm32f30x_gpio.o
 .text.GPIO_ReadOutputData
                0x00000000       0x48 ./system/src/stm32f3-stdperiph/stm32f30x_gpio.o
 .text.GPIO_WriteBit
                0x00000000       0xb8 ./system/src/stm32f3-stdperiph/stm32f30x_gpio.o
 .text.GPIO_Write
                0x00000000       0x48 ./system/src/stm32f3-stdperiph/stm32f30x_gpio.o
 .text.GPIO_PinAFConfig
                0x00000000       0x94 ./system/src/stm32f3-stdperiph/stm32f30x_gpio.o
 .group         0x00000000        0x8 ./system/src/stm32f3-stdperiph/stm32f30x_rcc.o
 .group         0x00000000        0x8 ./system/src/stm32f3-stdperiph/stm32f30x_rcc.o
 .group         0x00000000        0x8 ./system/src/stm32f3-stdperiph/stm32f30x_rcc.o
[...]
Memory Configuration

Name             Origin             Length             Attributes
RAM              0x20000000         0x0000a000         xrw
CCMRAM           0x10000000         0x00002000         xrw
FLASH            0x08000000         0x00040000         xr
FLASHB1          0x00000000         0x00000000         xr
EXTMEMB0         0x00000000         0x00000000         xr
EXTMEMB1         0x00000000         0x00000000         xr
EXTMEMB2         0x00000000         0x00000000         xr
EXTMEMB3         0x00000000         0x00000000         xr
MEMORY_ARRAY     0x20002000         0x00000000         xrw
*default*        0x00000000         0xffffffff

Linker script and memory map

LOAD ./system/src/stm32f3-stdperiph/stm32f30x_gpio.o
LOAD ./system/src/stm32f3-stdperiph/stm32f30x_rcc.o
LOAD ./system/src/newlib/_cxx.o
LOAD ./system/src/newlib/_exit.o
LOAD ./system/src/newlib/_sbrk.o
LOAD ./system/src/newlib/_startup.o
LOAD ./system/src/newlib/_syscalls.o
LOAD ./system/src/newlib/assert.o
LOAD ./system/src/diag/Trace.o
LOAD ./system/src/diag/trace_impl.o
LOAD ./system/src/cortexm/_initialize_hardware.o
LOAD ./system/src/cortexm/_reset_hardware.o
LOAD ./system/src/cortexm/exception_handlers.o
LOAD ./system/src/cmsis/system_stm32f30x.o
LOAD ./system/src/cmsis/vectors_stm32f30x.o
LOAD ./src/BlinkLed.o
LOAD ./src/Timer.o
LOAD ./src/_write.o
LOAD ./src/main.o
LOAD h:/gcc-arm/5.4 2016q2/bin/../lib/gcc/arm-none-eabi/5.4.1/../../../../arm-none-eabi/lib/armv7e-m\libstdc++_nano.a
LOAD h:/gcc-arm/5.4 2016q2/bin/../lib/gcc/arm-none-eabi/5.4.1/../../../../arm-none-eabi/lib/armv7e-m\libm.a
START GROUP
LOAD h:/gcc-arm/5.4 2016q2/bin/../lib/gcc/arm-none-eabi/5.4.1/armv7e-m\libgcc.a
LOAD h:/gcc-arm/5.4 2016q2/bin/../lib/gcc/arm-none-eabi/5.4.1/../../../../arm-none-eabi/lib/armv7e-m\libg_nano.a
LOAD h:/gcc-arm/5.4 2016q2/bin/../lib/gcc/arm-none-eabi/5.4.1/../../../../arm-none-eabi/lib/armv7e-m\libc_nano.a
END GROUP
START GROUP
LOAD h:/gcc-arm/5.4 2016q2/bin/../lib/gcc/arm-none-eabi/5.4.1/armv7e-m\libgcc.a
LOAD h:/gcc-arm/5.4 2016q2/bin/../lib/gcc/arm-none-eabi/5.4.1/../../../../arm-none-eabi/lib/armv7e-m\libc_nano.a
END GROUP
                0x2000a000                __stack = (ORIGIN (RAM) + LENGTH (RAM))
                0x2000a000                _estack = __stack
                0x00000400                __Main_Stack_Size = 0x400
                [!provide]                PROVIDE (_Main_Stack_Size, __Main_Stack_Size)
                0x20009c00                __Main_Stack_Limit = (__stack - __Main_Stack_Size)
                [!provide]                PROVIDE (_Main_Stack_Limit, __Main_Stack_Limit)
                0x00000100                _Minimum_Stack_Size = 0x100
                0x20000034                PROVIDE (_Heap_Begin, _end_noinit)
                0x20009c00                PROVIDE (_Heap_Limit, (__stack - __Main_Stack_Size))

.isr_vector     0x08000000      0x330
 FILL mask 0xff
                0x08000000                __vectors_start = ABSOLUTE (.)
                0x08000000                __vectors_start__ = ABSOLUTE (.)
 *(.isr_vector)
 .isr_vector    0x08000000      0x188 ./system/src/cmsis/vectors_stm32f30x.o
                0x08000000                __isr_vectors
 *(.cfmconfig)
 *(.after_vectors .after_vectors.*)
 .after_vectors
                0x08000188      0x130 ./system/src/newlib/_startup.o
                0x08000188                _start
 .after_vectors
                0x080002b8       0x74 ./system/src/cortexm/exception_handlers.o
                0x080002b8                Reset_Handler
                0x080002c0                NMI_Handler
                0x080002c4                HardFault_Handler
                0x080002d8                HardFault_Handler_C
                0x080002dc                MemManage_Handler
                0x080002e0                BusFault_Handler
                0x080002f4                BusFault_Handler_C
                0x080002f8                UsageFault_Handler
                0x0800030c                UsageFault_Handler_C
                0x08000310                SVC_Handler
                0x08000314                DebugMon_Handler
                0x08000318                PendSV_Handler
 .after_vectors
                0x0800032c        0x4 ./system/src/cmsis/vectors_stm32f30x.o
                0x0800032c                RTC_Alarm_IRQHandler
                0x0800032c                TIM8_TRG_COM_IRQHandler
                0x0800032c                TIM8_CC_IRQHandler
                0x0800032c                TIM1_CC_IRQHandler
                0x0800032c                USB_HP_IRQHandler
                0x0800032c                PVD_IRQHandler
                0x0800032c                EXTI3_IRQHandler
                0x0800032c                EXTI0_IRQHandler
                0x0800032c                I2C2_EV_IRQHandler
                0x0800032c                FPU_IRQHandler
                0x0800032c                EXTI2_TS_IRQHandler
                0x0800032c                TIM1_UP_TIM16_IRQHandler
                0x0800032c                ADC1_2_IRQHandler
                0x0800032c                SPI1_IRQHandler
                0x0800032c                TIM6_DAC_IRQHandler
                0x0800032c                TIM8_UP_IRQHandler
                0x0800032c                DMA2_Channel2_IRQHandler
                0x0800032c                DMA1_Channel4_IRQHandler
                0x0800032c                USART3_IRQHandler
                0x0800032c                DMA1_Channel7_IRQHandler
                0x0800032c                CAN1_RX1_IRQHandler
                0x0800032c                UART5_IRQHandler
                0x0800032c                ADC3_IRQHandler
                0x0800032c                TIM4_IRQHandler
                0x0800032c                DMA2_Channel1_IRQHandler
                0x0800032c                I2C1_EV_IRQHandler
                0x0800032c                DMA1_Channel6_IRQHandler
                0x0800032c                UART4_IRQHandler
                0x0800032c                DMA2_Channel4_IRQHandler
                0x0800032c                TIM3_IRQHandler
                0x0800032c                RCC_IRQHandler
                0x0800032c                DMA1_Channel1_IRQHandler
                0x0800032c                Default_Handler
                0x0800032c                USBWakeUp_RMP_IRQHandler
                0x0800032c                EXTI15_10_IRQHandler
                0x0800032c                TIM7_IRQHandler
                0x0800032c                EXTI9_5_IRQHandler
                0x0800032c                TAMPER_STAMP_IRQHandler
                0x0800032c                RTC_WKUP_IRQHandler
                0x0800032c                SPI2_IRQHandler
                0x0800032c                DMA2_Channel5_IRQHandler
                0x0800032c                DMA1_Channel5_IRQHandler
                0x0800032c                USB_LP_IRQHandler
                0x0800032c                EXTI4_IRQHandler
                0x0800032c                USB_LP_CAN1_RX0_IRQHandler
                0x0800032c                TIM1_TRG_COM_TIM17_IRQHandler
                0x0800032c                USB_HP_CAN1_TX_IRQHandler
                0x0800032c                DMA1_Channel3_IRQHandler
                0x0800032c                ADC4_IRQHandler
                0x0800032c                WWDG_IRQHandler
                0x0800032c                TIM2_IRQHandler
                0x0800032c                COMP7_IRQHandler
                0x0800032c                COMP1_2_3_IRQHandler
                0x0800032c                EXTI1_IRQHandler
                0x0800032c                USART2_IRQHandler
                0x0800032c                COMP4_5_6_IRQHandler
                0x0800032c                I2C2_ER_IRQHandler
                0x0800032c                DMA1_Channel2_IRQHandler
                0x0800032c                TIM8_BRK_IRQHandler
                0x0800032c                CAN1_SCE_IRQHandler
                0x0800032c                FLASH_IRQHandler
                0x0800032c                USART1_IRQHandler
                0x0800032c                SPI3_IRQHandler
                0x0800032c                I2C1_ER_IRQHandler
                0x0800032c                USBWakeUp_IRQHandler
                0x0800032c                DMA2_Channel3_IRQHandler
                0x0800032c                TIM1_BRK_TIM15_IRQHandler

.inits          0x08000330       0x28
                0x08000330                __data_regions_array_start = .
                0x08000330        0x4 LONG 0x800089c LOADADDR (.data)
                0x08000334        0x4 LONG 0x20000000 ADDR (.data)
                0x08000338        0x4 LONG 0x20000024 (ADDR (.data) + SIZEOF (.data))
                0x0800033c        0x4 LONG 0x800089c LOADADDR (.data_CCMRAM)
                0x08000340        0x4 LONG 0x10000000 ADDR (.data_CCMRAM)
                0x08000344        0x4 LONG 0x10000000 (ADDR (.data_CCMRAM) + SIZEOF (.data_CCMRAM))
                0x08000348                __data_regions_array_end = .
                0x08000348                __bss_regions_array_start = .
                0x08000348        0x4 LONG 0x20000024 ADDR (.bss)
                0x0800034c        0x4 LONG 0x20000034 (ADDR (.bss) + SIZEOF (.bss))
                0x08000350        0x4 LONG 0x10000000 ADDR (.bss_CCMRAM)
                0x08000354        0x4 LONG 0x10000000 (ADDR (.bss_CCMRAM) + SIZEOF (.bss_CCMRAM))
                0x08000358                __bss_regions_array_end = .
 *(.init)
 *(.fini)
                0x08000358                . = ALIGN (0x4)
                0x08000358                PROVIDE (__preinit_array_start, .)
 *(.preinit_array_sysinit .preinit_array_sysinit.*)
 *(.preinit_array_platform .preinit_array_platform.*)
 *(.preinit_array .preinit_array.*)
                0x08000358                PROVIDE (__preinit_array_end, .)
                0x08000358                . = ALIGN (0x4)
                0x08000358                PROVIDE (__init_array_start, .)
 *(SORT(.init_array.*))
 *(.init_array)
                0x08000358                PROVIDE (__init_array_end, .)
                0x08000358                . = ALIGN (0x4)
                0x08000358                PROVIDE (__fini_array_start, .)
 *(SORT(.fini_array.*))
 *(.fini_array)
                0x08000358                PROVIDE (__fini_array_end, .)

.flashtext
 *(.flashtext .flashtext.*)

.text           0x08000358      0x544
 *(.text .text.*)
 .text.GPIO_Init
                0x08000358      0x118 ./system/src/stm32f3-stdperiph/stm32f30x_gpio.o
                0x08000358                GPIO_Init
 .text.GPIO_SetBits
                0x08000470       0x54 ./system/src/stm32f3-stdperiph/stm32f30x_gpio.o
                0x08000470                GPIO_SetBits
 .text.GPIO_ResetBits
                0x080004c4       0x54 ./system/src/stm32f3-stdperiph/stm32f30x_gpio.o
                0x080004c4                GPIO_ResetBits
 .text.RCC_AHBPeriphClockCmd
                0x08000518       0x4c ./system/src/stm32f3-stdperiph/stm32f30x_rcc.o
                0x08000518                RCC_AHBPeriphClockCmd
 .text._exit    0x08000564        0x4 ./system/src/newlib/_exit.o
                0x08000564                _exit
 .text.abort    0x08000568        0x8 ./system/src/newlib/_exit.o
                0x08000568                abort
 .text.__initialize_args
                0x08000570       0x10 ./system/src/newlib/_syscalls.o
                0x08000570                __initialize_args
 .text.assert_failed
                0x08000580        0x8 ./system/src/newlib/assert.o
                0x08000580                assert_failed
 .text.__initialize_hardware_early
                0x08000588       0x18 ./system/src/cortexm/_initialize_hardware.o
                0x08000588                __initialize_hardware_early
 .text.__initialize_hardware
                0x080005a0        0x8 ./system/src/cortexm/_initialize_hardware.o
                0x080005a0                __initialize_hardware
 .text.SetSysClock
                0x080005a8       0xb0 ./system/src/cmsis/system_stm32f30x.o
 .text.SystemInit
                0x08000658       0x64 ./system/src/cmsis/system_stm32f30x.o
                0x08000658                SystemInit
 .text.SystemCoreClockUpdate
                0x080006bc       0x8c ./system/src/cmsis/system_stm32f30x.o
                0x080006bc                SystemCoreClockUpdate
 .text.blink_led_init
                0x08000748       0x44 ./src/BlinkLed.o
                0x08000748                blink_led_init
 .text.timer_start
                0x0800078c       0x3c ./src/Timer.o
                0x0800078c                timer_start
 .text.timer_sleep
                0x080007c8       0x14 ./src/Timer.o
                0x080007c8                timer_sleep
 .text.timer_tick
                0x080007dc       0x14 ./src/Timer.o
                0x080007dc                timer_tick
 .text.SysTick_Handler
                0x080007f0        0x8 ./src/Timer.o
                0x080007f0                SysTick_Handler
 .text.main     0x080007f8       0x40 ./src/main.o
                0x080007f8                main
 *(.rodata .rodata.* .constdata .constdata.*)
 .rodata.str1.4
                0x08000838       0x31 ./system/src/stm32f3-stdperiph/stm32f30x_gpio.o
 *fill*         0x08000869        0x3 
 .rodata.str1.4
                0x0800086c       0x30 ./system/src/stm32f3-stdperiph/stm32f30x_rcc.o
 *(vtable)
 *(.eh_frame*)
 *(.glue_7)
 .glue_7        0x0800089c        0x0 linker stubs
 *(.glue_7t)
 .glue_7t       0x0800089c        0x0 linker stubs

.vfp11_veneer   0x0800089c        0x0
 .vfp11_veneer  0x0800089c        0x0 linker stubs

.v4_bx          0x0800089c        0x0
 .v4_bx         0x0800089c        0x0 linker stubs

.iplt           0x0800089c        0x0
 .iplt          0x0800089c        0x0 ./system/src/stm32f3-stdperiph/stm32f30x_gpio.o

.rel.dyn        0x0800089c        0x0
 .rel.iplt      0x0800089c        0x0 ./system/src/stm32f3-stdperiph/stm32f30x_gpio.o

.ARM.extab
 *(.ARM.extab* .gnu.linkonce.armextab.*)
                0x0800089c                . = ALIGN (0x4)
                0x0800089c                __exidx_start = .

.ARM.exidx
 *(.ARM.exidx* .gnu.linkonce.armexidx.*)
                0x0800089c                __exidx_end = .
                0x0800089c                . = ALIGN (0x4)
                0x0800089c                _etext = .
                0x0800089c                __etext = .

.data_CCMRAM    0x10000000        0x0 load address 0x0800089c
 FILL mask 0xff
 *(.data.CCMRAM .data.CCMRAM.*)
                0x10000000                . = ALIGN (0x4)
                0x0800089c                _sidata = LOADADDR (.data)

.data           0x20000000       0x24 load address 0x0800089c
 FILL mask 0xff
                0x20000000                _sdata = .
                0x20000000                __data_start__ = .
 *(.data_begin .data_begin.*)
 .data_begin    0x20000000        0x4 ./system/src/newlib/_startup.o
 *(.data .data.*)
 .data.argv.4282
                0x20000004        0x8 ./system/src/newlib/_syscalls.o
 .data.AHBPrescTable
                0x2000000c       0x10 ./system/src/cmsis/system_stm32f30x.o
                0x2000000c                AHBPrescTable
 .data.SystemCoreClock
                0x2000001c        0x4 ./system/src/cmsis/system_stm32f30x.o
                0x2000001c                SystemCoreClock
 *(.data_end .data_end.*)
 .data_end      0x20000020        0x4 ./system/src/newlib/_startup.o
                0x20000024                . = ALIGN (0x4)
                0x20000024                _edata = .
                0x20000024                __data_end__ = .

.igot.plt       0x20000024        0x0 load address 0x080008c0
 .igot.plt      0x20000024        0x0 ./system/src/stm32f3-stdperiph/stm32f30x_gpio.o

.bss_CCMRAM     0x10000000        0x0
 *(.bss.CCMRAM .bss.CCMRAM.*)

.bss            0x20000024       0x10
                0x20000024                __bss_start__ = .
                0x20000024                _sbss = .
 *(.bss_begin .bss_begin.*)
 .bss_begin     0x20000024        0x4 ./system/src/newlib/_startup.o
 *(.bss .bss.*)
 .bss.name.4281
                0x20000028        0x1 ./system/src/newlib/_syscalls.o
 *(COMMON)
 *fill*         0x20000029        0x3 
 COMMON         0x2000002c        0x4 ./src/Timer.o
                0x2000002c                timer_delayCount
 *(.bss_end .bss_end.*)
 .bss_end       0x20000030        0x4 ./system/src/newlib/_startup.o
                0x20000034                . = ALIGN (0x4)
                0x20000034                __bss_end__ = .
                0x20000034                _ebss = .

.noinit_CCMRAM
 *(.noinit.CCMRAM .noinit.CCMRAM.*)

.noinit         0x20000034        0x0
                0x20000034                _noinit = .
 *(.noinit .noinit.*)
                0x20000034                . = ALIGN (0x4)
                0x20000034                _end_noinit = .
                [!provide]                PROVIDE (end, _end_noinit)
                [!provide]                PROVIDE (_end, _end_noinit)
                [!provide]                PROVIDE (__end, _end_noinit)
                [!provide]                PROVIDE (__end__, _end_noinit)

._check_stack   0x20000034      0x100
                0x20000134                . = (. + _Minimum_Stack_Size)
 *fill*         0x20000034      0x100 

.b1text
 *(.b1text)
 *(.b1rodata)
 *(.b1rodata.*)

.eb0text
 *(.eb0text)
 *(.eb0rodata)
 *(.eb0rodata.*)

.eb1text
 *(.eb1text)
 *(.eb1rodata)
 *(.eb1rodata.*)

.eb2text
 *(.eb2text)
 *(.eb2rodata)
 *(.eb2rodata.*)

.eb3text
 *(.eb3text)
 *(.eb3rodata)
 *(.eb3rodata.*)

.stab
 *(.stab)

.stabstr
 *(.stabstr)

.stab.excl
 *(.stab.excl)

.stab.exclstr
 *(.stab.exclstr)

.stab.index
 *(.stab.index)

.stab.indexstr
 *(.stab.indexstr)

.comment        0x00000000       0x6e
 *(.comment)
 .comment       0x00000000       0x6e ./system/src/stm32f3-stdperiph/stm32f30x_gpio.o
                                 0x6f (size before relaxing)
 .comment       0x0000006e       0x6f ./system/src/stm32f3-stdperiph/stm32f30x_rcc.o
 .comment       0x0000006e       0x6f ./system/src/newlib/_exit.o
 .comment       0x0000006e       0x6f ./system/src/newlib/_startup.o
 .comment       0x0000006e       0x6f ./system/src/newlib/_syscalls.o
 .comment       0x0000006e       0x6f ./system/src/newlib/assert.o
 .comment       0x0000006e       0x6f ./system/src/cortexm/_initialize_hardware.o
 .comment       0x0000006e       0x6f ./system/src/cortexm/exception_handlers.o
 .comment       0x0000006e       0x6f ./system/src/cmsis/system_stm32f30x.o
 .comment       0x0000006e       0x6f ./system/src/cmsis/vectors_stm32f30x.o
 .comment       0x0000006e       0x6f ./src/BlinkLed.o
 .comment       0x0000006e       0x6f ./src/Timer.o
 .comment       0x0000006e       0x6f ./src/main.o

.ARM.attributes
                0x00000000       0x33
 .ARM.attributes
                0x00000000       0x33 ./system/src/stm32f3-stdperiph/stm32f30x_gpio.o
 .ARM.attributes
                0x00000033       0x33 ./system/src/stm32f3-stdperiph/stm32f30x_rcc.o
 .ARM.attributes
                0x00000066       0x33 ./system/src/newlib/_exit.o
 .ARM.attributes
                0x00000099       0x33 ./system/src/newlib/_startup.o
 .ARM.attributes
                0x000000cc       0x33 ./system/src/newlib/_syscalls.o
 .ARM.attributes
                0x000000ff       0x33 ./system/src/newlib/assert.o
 .ARM.attributes
                0x00000132       0x33 ./system/src/cortexm/_initialize_hardware.o
 .ARM.attributes
                0x00000165       0x33 ./system/src/cortexm/exception_handlers.o
 .ARM.attributes
                0x00000198       0x33 ./system/src/cmsis/system_stm32f30x.o
 .ARM.attributes
                0x000001cb       0x33 ./system/src/cmsis/vectors_stm32f30x.o
 .ARM.attributes
                0x000001fe       0x33 ./src/BlinkLed.o
 .ARM.attributes
                0x00000231       0x33 ./src/Timer.o
 .ARM.attributes
                0x00000264       0x33 ./src/main.o

.debug
 *(.debug)

.line
 *(.line)

.debug_srcinfo
 *(.debug_srcinfo)

.debug_sfnames
 *(.debug_sfnames)

.debug_aranges  0x00000000      0x400
 *(.debug_aranges)
 .debug_aranges
                0x00000000       0x80 ./system/src/stm32f3-stdperiph/stm32f30x_gpio.o
 .debug_aranges
                0x00000080      0x150 ./system/src/stm32f3-stdperiph/stm32f30x_rcc.o
 .debug_aranges
                0x000001d0       0x28 ./system/src/newlib/_exit.o
 .debug_aranges
                0x000001f8       0x40 ./system/src/newlib/_startup.o
 .debug_aranges
                0x00000238       0x30 ./system/src/newlib/_syscalls.o
 .debug_aranges
                0x00000268       0x28 ./system/src/newlib/assert.o
 .debug_aranges
                0x00000290       0x28 ./system/src/cortexm/_initialize_hardware.o
 .debug_aranges
                0x000002b8       0x80 ./system/src/cortexm/exception_handlers.o
 .debug_aranges
                0x00000338       0x30 ./system/src/cmsis/system_stm32f30x.o
 .debug_aranges
                0x00000368       0x20 ./system/src/cmsis/vectors_stm32f30x.o
 .debug_aranges
                0x00000388       0x20 ./src/BlinkLed.o
 .debug_aranges
                0x000003a8       0x38 ./src/Timer.o
 .debug_aranges
                0x000003e0       0x20 ./src/main.o

.debug_pubnames
 *(.debug_pubnames)

.debug_info     0x00000000     0x3ac6
 *(.debug_info .gnu.linkonce.wi.*)
 .debug_info    0x00000000      0xa34 ./system/src/stm32f3-stdperiph/stm32f30x_gpio.o
 .debug_info    0x00000a34      0xf79 ./system/src/stm32f3-stdperiph/stm32f30x_rcc.o
 .debug_info    0x000019ad       0xee ./system/src/newlib/_exit.o
 .debug_info    0x00001a9b      0x4ef ./system/src/newlib/_startup.o
 .debug_info    0x00001f8a      0x1c7 ./system/src/newlib/_syscalls.o
 .debug_info    0x00002151      0x16c ./system/src/newlib/assert.o
 .debug_info    0x000022bd      0x2b1 ./system/src/cortexm/_initialize_hardware.o
 .debug_info    0x0000256e      0x29b ./system/src/cortexm/exception_handlers.o
 .debug_info    0x00002809      0x4a9 ./system/src/cmsis/system_stm32f30x.o
 .debug_info    0x00002cb2       0xd1 ./system/src/cmsis/vectors_stm32f30x.o
 .debug_info    0x00002d83      0x350 ./src/BlinkLed.o
 .debug_info    0x000030d3      0x6c0 ./src/Timer.o
 .debug_info    0x00003793      0x333 ./src/main.o

.debug_abbrev   0x00000000     0x10e1
 *(.debug_abbrev)
 .debug_abbrev  0x00000000      0x1e7 ./system/src/stm32f3-stdperiph/stm32f30x_gpio.o
 .debug_abbrev  0x000001e7      0x221 ./system/src/stm32f3-stdperiph/stm32f30x_rcc.o
 .debug_abbrev  0x00000408       0xbd ./system/src/newlib/_exit.o
 .debug_abbrev  0x000004c5      0x1d4 ./system/src/newlib/_startup.o
 .debug_abbrev  0x00000699       0xec ./system/src/newlib/_syscalls.o
 .debug_abbrev  0x00000785       0xb9 ./system/src/newlib/assert.o
 .debug_abbrev  0x0000083e       0xea ./system/src/cortexm/_initialize_hardware.o
 .debug_abbrev  0x00000928      0x12a ./system/src/cortexm/exception_handlers.o
 .debug_abbrev  0x00000a52      0x13f ./system/src/cmsis/system_stm32f30x.o
 .debug_abbrev  0x00000b91       0x9d ./system/src/cmsis/vectors_stm32f30x.o
 .debug_abbrev  0x00000c2e      0x15f ./src/BlinkLed.o
 .debug_abbrev  0x00000d8d      0x1c0 ./src/Timer.o
 .debug_abbrev  0x00000f4d      0x194 ./src/main.o

.debug_line     0x00000000     0x37a0
 *(.debug_line)
 .debug_line    0x00000000      0x71e ./system/src/stm32f3-stdperiph/stm32f30x_gpio.o
 .debug_line    0x0000071e      0xa34 ./system/src/stm32f3-stdperiph/stm32f30x_rcc.o
 .debug_line    0x00001152      0x2af ./system/src/newlib/_exit.o
 .debug_line    0x00001401      0x32a ./system/src/newlib/_startup.o
 .debug_line    0x0000172b      0x34d ./system/src/newlib/_syscalls.o
 .debug_line    0x00001a78      0x2d8 ./system/src/newlib/assert.o
 .debug_line    0x00001d50      0x35c ./system/src/cortexm/_initialize_hardware.o
 .debug_line    0x000020ac      0x5e6 ./system/src/cortexm/exception_handlers.o
 .debug_line    0x00002692      0x39c ./system/src/cmsis/system_stm32f30x.o
 .debug_line    0x00002a2e       0xe0 ./system/src/cmsis/vectors_stm32f30x.o
 .debug_line    0x00002b0e      0x33b ./src/BlinkLed.o
 .debug_line    0x00002e49      0x3af ./src/Timer.o
 .debug_line    0x000031f8      0x5a8 ./src/main.o

.debug_frame    0x00000000      0x8bc
 *(.debug_frame)
 .debug_frame   0x00000000      0x164 ./system/src/stm32f3-stdperiph/stm32f30x_gpio.o
 .debug_frame   0x00000164      0x3cc ./system/src/stm32f3-stdperiph/stm32f30x_rcc.o
 .debug_frame   0x00000530       0x38 ./system/src/newlib/_exit.o
 .debug_frame   0x00000568       0x7c ./system/src/newlib/_startup.o
 .debug_frame   0x000005e4       0x50 ./system/src/newlib/_syscalls.o
 .debug_frame   0x00000634       0x40 ./system/src/newlib/assert.o
 .debug_frame   0x00000674       0x40 ./system/src/cortexm/_initialize_hardware.o
 .debug_frame   0x000006b4       0xe8 ./system/src/cortexm/exception_handlers.o
 .debug_frame   0x0000079c       0x50 ./system/src/cmsis/system_stm32f30x.o
 .debug_frame   0x000007ec       0x20 ./system/src/cmsis/vectors_stm32f30x.o
 .debug_frame   0x0000080c       0x30 ./src/BlinkLed.o
 .debug_frame   0x0000083c       0x58 ./src/Timer.o
 .debug_frame   0x00000894       0x28 ./src/main.o

.debug_str      0x00000000    0x5afce
 *(.debug_str)
 .debug_str     0x00000000    0x53571 ./system/src/stm32f3-stdperiph/stm32f30x_gpio.o
                              0x53727 (size before relaxing)
 .debug_str     0x00053571      0xa78 ./system/src/stm32f3-stdperiph/stm32f30x_rcc.o
                              0x53ec5 (size before relaxing)
 .debug_str     0x00053fe9     0x484b ./system/src/newlib/_exit.o
                               0x6eae (size before relaxing)
 .debug_str     0x00058834      0x2cc ./system/src/newlib/_startup.o
                               0x5e98 (size before relaxing)
 .debug_str     0x00058b00     0x1277 ./system/src/newlib/_syscalls.o
                               0x70e9 (size before relaxing)
 .debug_str     0x00059d77       0xdc ./system/src/newlib/assert.o
                               0x79ba (size before relaxing)
 .debug_str     0x00059e53       0xcb ./system/src/cortexm/_initialize_hardware.o
                              0x534d3 (size before relaxing)
 .debug_str     0x00059f1e      0x1ce ./system/src/cortexm/exception_handlers.o
                              0x57dc8 (size before relaxing)
 .debug_str     0x0005a0ec       0x7b ./system/src/cmsis/system_stm32f30x.o
                              0x53574 (size before relaxing)
 .debug_str     0x0005a167       0x57 ./system/src/cmsis/vectors_stm32f30x.o
                               0x304d (size before relaxing)
 .debug_str     0x0005a1be      0x12f ./src/BlinkLed.o
                              0x536d5 (size before relaxing)
 .debug_str     0x0005a2ed      0x534 ./src/Timer.o
                              0x539fb (size before relaxing)
 .debug_str     0x0005a821      0x7ad ./src/main.o
                              0x58686 (size before relaxing)

.debug_loc      0x00000000     0x1777
 *(.debug_loc)
 .debug_loc     0x00000000      0x4d7 ./system/src/stm32f3-stdperiph/stm32f30x_gpio.o
 .debug_loc     0x000004d7      0xc50 ./system/src/stm32f3-stdperiph/stm32f30x_rcc.o
 .debug_loc     0x00001127      0x36e ./system/src/newlib/_startup.o
 .debug_loc     0x00001495       0x63 ./system/src/newlib/_syscalls.o
 .debug_loc     0x000014f8       0xc6 ./system/src/newlib/assert.o
 .debug_loc     0x000015be       0xff ./system/src/cmsis/system_stm32f30x.o
 .debug_loc     0x000016bd       0x59 ./src/Timer.o
 .debug_loc     0x00001716       0x61 ./src/main.o

.debug_macinfo
 *(.debug_macinfo)

.debug_weaknames
 *(.debug_weaknames)

.debug_funcnames
 *(.debug_funcnames)

.debug_typenames
 *(.debug_typenames)

.debug_varnames
 *(.debug_varnames)
OUTPUT(HelloWorld.elf elf32-littlearm)

.debug_ranges   0x00000000      0x330
 .debug_ranges  0x00000000       0x70 ./system/src/stm32f3-stdperiph/stm32f30x_gpio.o
 .debug_ranges  0x00000070      0x140 ./system/src/stm32f3-stdperiph/stm32f30x_rcc.o
 .debug_ranges  0x000001b0       0x18 ./system/src/newlib/_exit.o
 .debug_ranges  0x000001c8       0x30 ./system/src/newlib/_startup.o
 .debug_ranges  0x000001f8       0x20 ./system/src/newlib/_syscalls.o
 .debug_ranges  0x00000218       0x18 ./system/src/newlib/assert.o
 .debug_ranges  0x00000230       0x18 ./system/src/cortexm/_initialize_hardware.o
 .debug_ranges  0x00000248       0x70 ./system/src/cortexm/exception_handlers.o
 .debug_ranges  0x000002b8       0x20 ./system/src/cmsis/system_stm32f30x.o
 .debug_ranges  0x000002d8       0x10 ./system/src/cmsis/vectors_stm32f30x.o
 .debug_ranges  0x000002e8       0x10 ./src/BlinkLed.o
 .debug_ranges  0x000002f8       0x28 ./src/Timer.o
 .debug_ranges  0x00000320       0x10 ./src/main.o

.debug_macro    0x00000000    0x101bc
 .debug_macro   0x00000000      0x16c ./system/src/stm32f3-stdperiph/stm32f30x_gpio.o
 .debug_macro   0x0000016c      0x88c ./system/src/stm32f3-stdperiph/stm32f30x_gpio.o
 .debug_macro   0x000009f8       0x6e ./system/src/stm32f3-stdperiph/stm32f30x_gpio.o
 .debug_macro   0x00000a66      0x34e ./system/src/stm32f3-stdperiph/stm32f30x_gpio.o
 .debug_macro   0x00000db4       0x35 ./system/src/stm32f3-stdperiph/stm32f30x_gpio.o
 .debug_macro   0x00000de9       0x50 ./system/src/stm32f3-stdperiph/stm32f30x_gpio.o
 .debug_macro   0x00000e39      0xe66 ./system/src/stm32f3-stdperiph/stm32f30x_gpio.o
 .debug_macro   0x00001c9f     0x769b ./system/src/stm32f3-stdperiph/stm32f30x_gpio.o
 .debug_macro   0x0000933a      0x5a6 ./system/src/stm32f3-stdperiph/stm32f30x_gpio.o
 .debug_macro   0x000098e0      0x3cf ./system/src/stm32f3-stdperiph/stm32f30x_gpio.o
 .debug_macro   0x00009caf       0x46 ./system/src/stm32f3-stdperiph/stm32f30x_gpio.o
 .debug_macro   0x00009cf5      0x231 ./system/src/stm32f3-stdperiph/stm32f30x_gpio.o
 .debug_macro   0x00009f26      0x196 ./system/src/stm32f3-stdperiph/stm32f30x_gpio.o
 .debug_macro   0x0000a0bc       0x8e ./system/src/stm32f3-stdperiph/stm32f30x_gpio.o
 .debug_macro   0x0000a14a      0x3a9 ./system/src/stm32f3-stdperiph/stm32f30x_gpio.o
 .debug_macro   0x0000a4f3      0x116 ./system/src/stm32f3-stdperiph/stm32f30x_gpio.o
 .debug_macro   0x0000a609      0x1e4 ./system/src/stm32f3-stdperiph/stm32f30x_gpio.o
 .debug_macro   0x0000a7ed      0x1df ./system/src/stm32f3-stdperiph/stm32f30x_gpio.o
 .debug_macro   0x0000a9cc      0x29a ./system/src/stm32f3-stdperiph/stm32f30x_gpio.o
 .debug_macro   0x0000ac66       0x70 ./system/src/stm32f3-stdperiph/stm32f30x_gpio.o
 .debug_macro   0x0000acd6      0x10c ./system/src/stm32f3-stdperiph/stm32f30x_gpio.o
 .debug_macro   0x0000ade2       0xb8 ./system/src/stm32f3-stdperiph/stm32f30x_gpio.o
 .debug_macro   0x0000ae9a      0x5c6 ./system/src/stm32f3-stdperiph/stm32f30x_gpio.o
 .debug_macro   0x0000b460      0x551 ./system/src/stm32f3-stdperiph/stm32f30x_gpio.o
 .debug_macro   0x0000b9b1      0x3ac ./system/src/stm32f3-stdperiph/stm32f30x_gpio.o
 .debug_macro   0x0000bd5d      0x8d8 ./system/src/stm32f3-stdperiph/stm32f30x_gpio.o
 .debug_macro   0x0000c635      0x364 ./system/src/stm32f3-stdperiph/stm32f30x_gpio.o
 .debug_macro   0x0000c999       0x34 ./system/src/stm32f3-stdperiph/stm32f30x_gpio.o
 .debug_macro   0x0000c9cd       0x89 ./system/src/stm32f3-stdperiph/stm32f30x_gpio.o
 .debug_macro   0x0000ca56       0x35 ./system/src/stm32f3-stdperiph/stm32f30x_gpio.o
 .debug_macro   0x0000ca8b      0x1b0 ./system/src/stm32f3-stdperiph/stm32f30x_gpio.o
 .debug_macro   0x0000cc3b      0x209 ./system/src/stm32f3-stdperiph/stm32f30x_rcc.o
 .debug_macro   0x0000ce44      0x1b6 ./system/src/stm32f3-stdperiph/stm32f30x_rcc.o
 .debug_macro   0x0000cffa      0x5c0 ./system/src/stm32f3-stdperiph/stm32f30x_rcc.o
 .debug_macro   0x0000d5ba      0x19c ./system/src/newlib/_exit.o
 .debug_macro   0x0000d756       0x9c ./system/src/newlib/_exit.o
 .debug_macro   0x0000d7f2      0x10e ./system/src/newlib/_exit.o
 .debug_macro   0x0000d900       0x8d ./system/src/newlib/_exit.o
 .debug_macro   0x0000d98d       0x43 ./system/src/newlib/_exit.o
 .debug_macro   0x0000d9d0      0x30d ./system/src/newlib/_exit.o
 .debug_macro   0x0000dcdd       0x35 ./system/src/newlib/_exit.o
 .debug_macro   0x0000dd12      0x15b ./system/src/newlib/_startup.o
 .debug_macro   0x0000de6d      0x892 ./system/src/newlib/_startup.o
 .debug_macro   0x0000e6ff      0x1f5 ./system/src/newlib/_syscalls.o
 .debug_macro   0x0000e8f4       0x1c ./system/src/newlib/_syscalls.o
 .debug_macro   0x0000e910       0x10 ./system/src/newlib/_syscalls.o
 .debug_macro   0x0000e920       0x10 ./system/src/newlib/_syscalls.o
 .debug_macro   0x0000e930       0x10 ./system/src/newlib/_syscalls.o
 .debug_macro   0x0000e940       0x35 ./system/src/newlib/_syscalls.o
 .debug_macro   0x0000e975      0x122 ./system/src/newlib/_syscalls.o
 .debug_macro   0x0000ea97       0x88 ./system/src/newlib/_syscalls.o
 .debug_macro   0x0000eb1f       0x2b ./system/src/newlib/_syscalls.o
 .debug_macro   0x0000eb4a      0x118 ./system/src/newlib/_syscalls.o
 .debug_macro   0x0000ec62      0x159 ./system/src/newlib/_syscalls.o
 .debug_macro   0x0000edbb       0x16 ./system/src/newlib/_syscalls.o
 .debug_macro   0x0000edd1      0x1b8 ./system/src/newlib/assert.o
 .debug_macro   0x0000ef89       0x1c ./system/src/newlib/assert.o
 .debug_macro   0x0000efa5      0x16c ./system/src/cortexm/_initialize_hardware.o
 .debug_macro   0x0000f111      0x2f9 ./system/src/cortexm/exception_handlers.o
 .debug_macro   0x0000f40a       0x3b ./system/src/cortexm/exception_handlers.o
 .debug_macro   0x0000f445       0x22 ./system/src/cortexm/exception_handlers.o
 .debug_macro   0x0000f467       0x10 ./system/src/cortexm/exception_handlers.o
 .debug_macro   0x0000f477       0xcf ./system/src/cortexm/exception_handlers.o
 .debug_macro   0x0000f546       0xbe ./system/src/cortexm/exception_handlers.o
 .debug_macro   0x0000f604       0x10 ./system/src/cortexm/exception_handlers.o
 .debug_macro   0x0000f614      0x168 ./system/src/cmsis/system_stm32f30x.o
 .debug_macro   0x0000f77c       0x34 ./system/src/cmsis/vectors_stm32f30x.o
 .debug_macro   0x0000f7b0      0x171 ./src/BlinkLed.o
 .debug_macro   0x0000f921       0x28 ./src/BlinkLed.o
 .debug_macro   0x0000f949      0x185 ./src/Timer.o
 .debug_macro   0x0000face       0x10 ./src/Timer.o
 .debug_macro   0x0000fade      0x357 ./src/main.o
 .debug_macro   0x0000fe35       0x16 ./src/main.o
 .debug_macro   0x0000fe4b       0x97 ./src/main.o
 .debug_macro   0x0000fee2       0xfd ./src/main.o
 .debug_macro   0x0000ffdf       0x10 ./src/main.o
 .debug_macro   0x0000ffef       0x16 ./src/main.o
 .debug_macro   0x00010005      0x189 ./src/main.o
 .debug_macro   0x0001018e       0x2e ./src/main.o
