Archive member included to satisfy reference by file (symbol)

h:/gcc-arm/5.4 2016q2/bin/../lib/gcc/arm-none-eabi/5.4.1/armv6-m\libgcc.a(_udivsi3.o)
                              ./src/Timer.o (__aeabi_uidiv)
h:/gcc-arm/5.4 2016q2/bin/../lib/gcc/arm-none-eabi/5.4.1/armv6-m\libgcc.a(_dvmd_tls.o)
                              h:/gcc-arm/5.4 2016q2/bin/../lib/gcc/arm-none-eabi/5.4.1/armv6-m\libgcc.a(_udivsi3.o) (__aeabi_idiv0)

Allocating common symbols
Common symbol       size              file

timer_delayCount    0x4               ./src/Timer.o

Discarded input sections

 .group         0x00000000        0x8 ./src/BlinkLed.o
 .group         0x00000000        0x8 ./src/BlinkLed.o
 .group         0x00000000        0x8 ./src/BlinkLed.o
 .group         0x00000000        0x8 ./src/BlinkLed.o
 .group         0x00000000        0x8 ./src/BlinkLed.o
 .group         0x00000000        0x8 ./src/BlinkLed.o
 .group         0x00000000        0x8 ./src/BlinkLed.o
 .group         0x00000000        0x8 ./src/BlinkLed.o
 .group         0x00000000        0x8 ./src/BlinkLed.o
 .group         0x00000000        0x8 ./src/BlinkLed.o
 .group         0x00000000        0x8 ./src/BlinkLed.o
 .group         0x00000000        0x8 ./src/BlinkLed.o
 .group         0x00000000        0x8 ./src/BlinkLed.o
 .group         0x00000000        0x8 ./src/BlinkLed.o
 .group         0x00000000        0x8 ./src/BlinkLed.o
 .group         0x00000000        0x8 ./src/BlinkLed.o
 .group         0x00000000        0x8 ./src/BlinkLed.o
 .group         0x00000000        0x8 ./src/BlinkLed.o
 .group         0x00000000        0x8 ./src/BlinkLed.o
 .group         0x00000000        0x8 ./src/BlinkLed.o
 .group         0x00000000        0x8 ./src/BlinkLed.o
 .group         0x00000000        0x8 ./src/BlinkLed.o
 .group         0x00000000        0x8 ./src/BlinkLed.o
 .group         0x00000000        0x8 ./src/BlinkLed.o
 .group         0x00000000        0x8 ./src/BlinkLed.o
 .group         0x00000000        0x8 ./src/BlinkLed.o
 .group         0x00000000        0x8 ./src/BlinkLed.o
 .group         0x00000000        0x8 ./src/BlinkLed.o
 .group         0x00000000        0x8 ./src/BlinkLed.o
 .group         0x00000000        0x8 ./src/BlinkLed.o
 .group         0x00000000        0x8 ./src/BlinkLed.o
 .text          0x00000000        0x0 ./src/BlinkLed.o
 .data          0x00000000        0x0 ./src/BlinkLed.o
 .bss           0x00000000        0x0 ./src/BlinkLed.o
 .text.blink_led_init
                0x00000000       0x40 ./src/BlinkLed.o
 .debug_info    0x00000000      0x334 ./src/BlinkLed.o
 .debug_abbrev  0x00000000      0x14e ./src/BlinkLed.o
 .debug_aranges
                0x00000000       0x20 ./src/BlinkLed.o
 .debug_ranges  0x00000000       0x10 ./src/BlinkLed.o
 .debug_macro   0x00000000      0x16a ./src/BlinkLed.o
 .debug_macro   0x00000000      0x850 ./src/BlinkLed.o
 .debug_macro   0x00000000       0x7a ./src/BlinkLed.o
 .debug_macro   0x00000000      0x34e ./src/BlinkLed.o
 .debug_macro   0x00000000       0x35 ./src/BlinkLed.o
 .debug_macro   0x00000000       0x26 ./src/BlinkLed.o
 .debug_macro   0x00000000      0x30d ./src/BlinkLed.o
 .debug_macro   0x00000000     0x5b9e ./src/BlinkLed.o
 .debug_macro   0x00000000      0x2ec ./src/BlinkLed.o
 .debug_macro   0x00000000      0x3cf ./src/BlinkLed.o
 .debug_macro   0x00000000      0x191 ./src/BlinkLed.o
 .debug_macro   0x00000000       0x46 ./src/BlinkLed.o
 .debug_macro   0x00000000       0xd9 ./src/BlinkLed.o
 .debug_macro   0x00000000       0xef ./src/BlinkLed.o
 .debug_macro   0x00000000      0x184 ./src/BlinkLed.o
 .debug_macro   0x00000000       0x7c ./src/BlinkLed.o
 .debug_macro   0x00000000      0x295 ./src/BlinkLed.o
 .debug_macro   0x00000000       0xd7 ./src/BlinkLed.o
 .debug_macro   0x00000000      0x2b7 ./src/BlinkLed.o
 .debug_macro   0x00000000      0x185 ./src/BlinkLed.o
 .debug_macro   0x00000000      0x184 ./src/BlinkLed.o
 .debug_macro   0x00000000      0x2a0 ./src/BlinkLed.o
 .debug_macro   0x00000000       0x70 ./src/BlinkLed.o
 .debug_macro   0x00000000       0xdf ./src/BlinkLed.o
 .debug_macro   0x00000000      0x522 ./src/BlinkLed.o
 .debug_macro   0x00000000      0x4c5 ./src/BlinkLed.o
 .debug_macro   0x00000000      0x397 ./src/BlinkLed.o
 .debug_macro   0x00000000      0x750 ./src/BlinkLed.o
 .debug_macro   0x00000000      0x353 ./src/BlinkLed.o
 .debug_macro   0x00000000       0x34 ./src/BlinkLed.o
 .debug_macro   0x00000000       0x3a ./src/BlinkLed.o
 .debug_macro   0x00000000       0x28 ./src/BlinkLed.o
 .debug_line    0x00000000      0x33b ./src/BlinkLed.o
 .debug_str     0x00000000    0x3f811 ./src/BlinkLed.o
 .comment       0x00000000       0x6f ./src/BlinkLed.o
 .debug_frame   0x00000000       0x2c ./src/BlinkLed.o
 .ARM.attributes
                0x00000000       0x31 ./src/BlinkLed.o
 .group         0x00000000        0x8 ./src/Timer.o
 .group         0x00000000        0x8 ./src/Timer.o
 .group         0x00000000        0x8 ./src/Timer.o
 .group         0x00000000        0x8 ./src/Timer.o
 .group         0x00000000        0x8 ./src/Timer.o
 .group         0x00000000        0x8 ./src/Timer.o
 .group         0x00000000        0x8 ./src/Timer.o
 .group         0x00000000        0x8 ./src/Timer.o
 .group         0x00000000        0x8 ./src/Timer.o
 .group         0x00000000        0x8 ./src/Timer.o
 .group         0x00000000        0x8 ./src/Timer.o
 .group         0x00000000        0x8 ./src/Timer.o
 .group         0x00000000        0x8 ./src/Timer.o
 .group         0x00000000        0x8 ./src/Timer.o
 .group         0x00000000        0x8 ./src/Timer.o
 .group         0x00000000        0x8 ./src/Timer.o
 .group         0x00000000        0x8 ./src/Timer.o
 .group         0x00000000        0x8 ./src/Timer.o
 .group         0x00000000        0x8 ./src/Timer.o
 .group         0x00000000        0x8 ./src/Timer.o
 .group         0x00000000        0x8 ./src/Timer.o
 .group         0x00000000        0x8 ./src/Timer.o
 .group         0x00000000        0x8 ./src/Timer.o
 .group         0x00000000        0x8 ./src/Timer.o
 .group         0x00000000        0x8 ./src/Timer.o
 .group         0x00000000        0x8 ./src/Timer.o
 .group         0x00000000        0x8 ./src/Timer.o
 .group         0x00000000        0x8 ./src/Timer.o
 .group         0x00000000        0x8 ./src/Timer.o
 .group         0x00000000        0x8 ./src/Timer.o
 .group         0x00000000        0x8 ./src/Timer.o
 .text          0x00000000        0x0 ./src/Timer.o
 .data          0x00000000        0x0 ./src/Timer.o
 .bss           0x00000000        0x0 ./src/Timer.o
 .text.timer_start
                0x00000000       0x44 ./src/Timer.o
 .text.timer_sleep
                0x00000000       0x14 ./src/Timer.o
 .text.timer_tick
                0x00000000       0x18 ./src/Timer.o
 .text.SysTick_Handler
                0x00000000        0x8 ./src/Timer.o
 .debug_info    0x00000000      0x488 ./src/Timer.o
 .debug_abbrev  0x00000000      0x1c0 ./src/Timer.o
 .debug_loc     0x00000000       0x59 ./src/Timer.o
 .debug_aranges
                0x00000000       0x38 ./src/Timer.o
 .debug_ranges  0x00000000       0x28 ./src/Timer.o
 .debug_macro   0x00000000      0x17e ./src/Timer.o
 .debug_macro   0x00000000      0x850 ./src/Timer.o
 .debug_macro   0x00000000       0x7a ./src/Timer.o
 .debug_macro   0x00000000      0x34e ./src/Timer.o
 .debug_macro   0x00000000       0x35 ./src/Timer.o
 .debug_macro   0x00000000       0x26 ./src/Timer.o
 .debug_macro   0x00000000      0x30d ./src/Timer.o
 .debug_macro   0x00000000     0x5b9e ./src/Timer.o
 .debug_macro   0x00000000      0x2ec ./src/Timer.o
 .debug_macro   0x00000000      0x3cf ./src/Timer.o
 .debug_macro   0x00000000      0x191 ./src/Timer.o
 .debug_macro   0x00000000       0x46 ./src/Timer.o
 .debug_macro   0x00000000       0xd9 ./src/Timer.o
 .debug_macro   0x00000000       0xef ./src/Timer.o
 .debug_macro   0x00000000      0x184 ./src/Timer.o
 .debug_macro   0x00000000       0x7c ./src/Timer.o
 .debug_macro   0x00000000      0x295 ./src/Timer.o
 .debug_macro   0x00000000       0xd7 ./src/Timer.o
 .debug_macro   0x00000000      0x2b7 ./src/Timer.o
 .debug_macro   0x00000000      0x185 ./src/Timer.o
 .debug_macro   0x00000000      0x184 ./src/Timer.o
 .debug_macro   0x00000000      0x2a0 ./src/Timer.o
 .debug_macro   0x00000000       0x70 ./src/Timer.o
 .debug_macro   0x00000000       0xdf ./src/Timer.o
 .debug_macro   0x00000000      0x522 ./src/Timer.o
 .debug_macro   0x00000000      0x4c5 ./src/Timer.o
 .debug_macro   0x00000000      0x397 ./src/Timer.o
 .debug_macro   0x00000000      0x750 ./src/Timer.o
 .debug_macro   0x00000000      0x353 ./src/Timer.o
 .debug_macro   0x00000000       0x34 ./src/Timer.o
 .debug_macro   0x00000000       0x3a ./src/Timer.o
 .debug_macro   0x00000000       0x10 ./src/Timer.o
 .debug_line    0x00000000      0x3b7 ./src/Timer.o
 .debug_str     0x00000000    0x3f8b5 ./src/Timer.o
 .comment       0x00000000       0x6f ./src/Timer.o
 .debug_frame   0x00000000       0x60 ./src/Timer.o
 .ARM.attributes
                0x00000000       0x31 ./src/Timer.o
 COMMON         0x00000000        0x4 ./src/Timer.o
 .group         0x00000000        0x8 ./src/_write.o
 .text          0x00000000        0x0 ./src/_write.o
 .data          0x00000000        0x0 ./src/_write.o
 .bss           0x00000000        0x0 ./src/_write.o
 .debug_info    0x00000000       0x21 ./src/_write.o
 .debug_abbrev  0x00000000       0x13 ./src/_write.o
 .debug_aranges
                0x00000000       0x18 ./src/_write.o
 .debug_macro   0x00000000       0x11 ./src/_write.o
 .debug_macro   0x00000000      0x850 ./src/_write.o
 .debug_line    0x00000000       0x30 ./src/_write.o
 .debug_str     0x00000000     0x238a ./src/_write.o
 .comment       0x00000000       0x6f ./src/_write.o
 .ARM.attributes
                0x00000000       0x31 ./src/_write.o
 .group         0x00000000        0x8 ./src/main.o
 .group         0x00000000        0x8 ./src/main.o
 .group         0x00000000        0x8 ./src/main.o
 .group         0x00000000        0x8 ./src/main.o
 .group         0x00000000        0x8 ./src/main.o
 .group         0x00000000        0x8 ./src/main.o
 .group         0x00000000        0x8 ./src/main.o
 .group         0x00000000        0x8 ./src/main.o
 .group         0x00000000        0x8 ./src/main.o
 .group         0x00000000        0x8 ./src/main.o
 .group         0x00000000        0x8 ./src/main.o
 .group         0x00000000        0x8 ./src/main.o
 .group         0x00000000        0x8 ./src/main.o
 .group         0x00000000        0x8 ./src/main.o
 .group         0x00000000        0x8 ./src/main.o
 .group         0x00000000        0x8 ./src/main.o
 .group         0x00000000        0x8 ./src/main.o
 .group         0x00000000        0x8 ./src/main.o
 .group         0x00000000        0x8 ./src/main.o
 .group         0x00000000        0x8 ./src/main.o
 .group         0x00000000        0x8 ./src/main.o
 .group         0x00000000        0x8 ./src/main.o
 .group         0x00000000        0x8 ./src/main.o
 .group         0x00000000        0x8 ./src/main.o
 .group         0x00000000        0x8 ./src/main.o
 .group         0x00000000        0x8 ./src/main.o
 .group         0x00000000        0x8 ./src/main.o
 .group         0x00000000        0x8 ./src/main.o
 .group         0x00000000        0x8 ./src/main.o
 .group         0x00000000        0x8 ./src/main.o
 .group         0x00000000        0x8 ./src/main.o
 .group         0x00000000        0x8 ./src/main.o
 .group         0x00000000        0x8 ./src/main.o
 .group         0x00000000        0x8 ./src/main.o
 .group         0x00000000        0x8 ./src/main.o
 .group         0x00000000        0x8 ./src/main.o
 .group         0x00000000        0x8 ./src/main.o
 .group         0x00000000        0x8 ./src/main.o
 .group         0x00000000        0x8 ./src/main.o
 .group         0x00000000        0x8 ./src/main.o
 .group         0x00000000        0x8 ./src/main.o
 .group         0x00000000        0x8 ./src/main.o
 .group         0x00000000        0x8 ./src/main.o
 .group         0x00000000        0x8 ./src/main.o
 .group         0x00000000        0x8 ./src/main.o
 .group         0x00000000        0x8 ./src/main.o
 .group         0x00000000        0x8 ./src/main.o
 .group         0x00000000        0x8 ./src/main.o
 .group         0x00000000        0x8 ./src/main.o
 .group         0x00000000        0x8 ./src/main.o
 .group         0x00000000        0x8 ./src/main.o
 .group         0x00000000        0x8 ./src/main.o
 .group         0x00000000        0x8 ./src/main.o
 .group         0x00000000        0x8 ./src/main.o
 .group         0x00000000        0x8 ./src/main.o
 .group         0x00000000        0x8 ./src/main.o
 .group         0x00000000        0x8 ./src/main.o
 .group         0x00000000        0x8 ./src/main.o
 .group         0x00000000        0x8 ./src/main.o
 .group         0x00000000        0x8 ./src/main.o
 .group         0x00000000        0x8 ./src/main.o
 .group         0x00000000        0x8 ./src/main.o
 .group         0x00000000        0x8 ./src/main.o
 .text          0x00000000        0x0 ./src/main.o
 .data          0x00000000        0x0 ./src/main.o
 .bss           0x00000000        0x0 ./src/main.o
 .text.main     0x00000000       0x44 ./src/main.o
 .debug_info    0x00000000      0x30c ./src/main.o
 .debug_abbrev  0x00000000      0x183 ./src/main.o
 .debug_loc     0x00000000       0x61 ./src/main.o
 .debug_aranges
                0x00000000       0x20 ./src/main.o
 .debug_ranges  0x00000000       0x10 ./src/main.o
 .debug_macro   0x00000000      0x350 ./src/main.o
 .debug_macro   0x00000000      0x850 ./src/main.o
 .debug_macro   0x00000000       0x22 ./src/main.o
 .debug_macro   0x00000000       0x4c ./src/main.o
 .debug_macro   0x00000000       0x8d ./src/main.o
 .debug_macro   0x00000000       0x35 ./src/main.o
 .debug_macro   0x00000000       0x9c ./src/main.o
 .debug_macro   0x00000000       0x16 ./src/main.o
 .debug_macro   0x00000000       0x4a ./src/main.o
 .debug_macro   0x00000000       0x97 ./src/main.o
 .debug_macro   0x00000000      0x30d ./src/main.o
 .debug_macro   0x00000000       0xfd ./src/main.o
 .debug_macro   0x00000000       0x10 ./src/main.o
 .debug_macro   0x00000000       0x52 ./src/main.o
 .debug_macro   0x00000000       0x1f ./src/main.o
 .debug_macro   0x00000000       0x43 ./src/main.o
 .debug_macro   0x00000000       0x20 ./src/main.o
 .debug_macro   0x00000000      0x187 ./src/main.o
 .debug_macro   0x00000000       0x10 ./src/main.o
 .debug_macro   0x00000000       0x5e ./src/main.o
 .debug_macro   0x00000000       0x1c ./src/main.o
 .debug_macro   0x00000000       0x52 ./src/main.o
 .debug_macro   0x00000000       0x40 ./src/main.o
 .debug_macro   0x00000000       0x10 ./src/main.o
 .debug_macro   0x00000000       0x40 ./src/main.o
 .debug_macro   0x00000000       0xd7 ./src/main.o
 .debug_macro   0x00000000       0x16 ./src/main.o
 .debug_macro   0x00000000      0x189 ./src/main.o
 .debug_macro   0x00000000       0x16 ./src/main.o
 .debug_macro   0x00000000       0x35 ./src/main.o
 .debug_macro   0x00000000       0x16 ./src/main.o
 .debug_macro   0x00000000       0x29 ./src/main.o
 .debug_macro   0x00000000       0x16 ./src/main.o
 .debug_macro   0x00000000      0x513 ./src/main.o
 .debug_macro   0x00000000       0x7a ./src/main.o
 .debug_macro   0x00000000      0x34e ./src/main.o
 .debug_macro   0x00000000       0x35 ./src/main.o
 .debug_macro   0x00000000       0x26 ./src/main.o
 .debug_macro   0x00000000      0x30d ./src/main.o
 .debug_macro   0x00000000     0x5b9e ./src/main.o
 .debug_macro   0x00000000      0x2ec ./src/main.o
 .debug_macro   0x00000000      0x3cf ./src/main.o
 .debug_macro   0x00000000      0x191 ./src/main.o
 .debug_macro   0x00000000       0x46 ./src/main.o
 .debug_macro   0x00000000       0xd9 ./src/main.o
 .debug_macro   0x00000000       0xef ./src/main.o
 .debug_macro   0x00000000      0x184 ./src/main.o
 .debug_macro   0x00000000       0x7c ./src/main.o
 .debug_macro   0x00000000      0x295 ./src/main.o
 .debug_macro   0x00000000       0xd7 ./src/main.o
 .debug_macro   0x00000000      0x2b7 ./src/main.o
 .debug_macro   0x00000000      0x185 ./src/main.o
 .debug_macro   0x00000000      0x184 ./src/main.o
 .debug_macro   0x00000000      0x2a0 ./src/main.o
 .debug_macro   0x00000000       0x70 ./src/main.o
 .debug_macro   0x00000000       0xdf ./src/main.o
 .debug_macro   0x00000000      0x522 ./src/main.o
 .debug_macro   0x00000000      0x4c5 ./src/main.o
 .debug_macro   0x00000000      0x397 ./src/main.o
 .debug_macro   0x00000000      0x750 ./src/main.o
 .debug_macro   0x00000000      0x353 ./src/main.o
 .debug_macro   0x00000000       0x34 ./src/main.o
 .debug_macro   0x00000000       0x3a ./src/main.o
 .debug_macro   0x00000000       0x2e ./src/main.o
 .debug_line    0x00000000      0x5a8 ./src/main.o
 .debug_str     0x00000000    0x447b8 ./src/main.o
 .comment       0x00000000       0x6f ./src/main.o
 .debug_frame   0x00000000       0x28 ./src/main.o
 .ARM.attributes
                0x00000000       0x31 ./src/main.o
 .text          0x00000000      0x114 h:/gcc-arm/5.4 2016q2/bin/../lib/gcc/arm-none-eabi/5.4.1/armv6-m\libgcc.a(_udivsi3.o)
 .data          0x00000000        0x0 h:/gcc-arm/5.4 2016q2/bin/../lib/gcc/arm-none-eabi/5.4.1/armv6-m\libgcc.a(_udivsi3.o)
 .bss           0x00000000        0x0 h:/gcc-arm/5.4 2016q2/bin/../lib/gcc/arm-none-eabi/5.4.1/armv6-m\libgcc.a(_udivsi3.o)
 .debug_frame   0x00000000       0x20 h:/gcc-arm/5.4 2016q2/bin/../lib/gcc/arm-none-eabi/5.4.1/armv6-m\libgcc.a(_udivsi3.o)
 .ARM.attributes
                0x00000000       0x1e h:/gcc-arm/5.4 2016q2/bin/../lib/gcc/arm-none-eabi/5.4.1/armv6-m\libgcc.a(_udivsi3.o)
 .text          0x00000000        0x4 h:/gcc-arm/5.4 2016q2/bin/../lib/gcc/arm-none-eabi/5.4.1/armv6-m\libgcc.a(_dvmd_tls.o)
 .data          0x00000000        0x0 h:/gcc-arm/5.4 2016q2/bin/../lib/gcc/arm-none-eabi/5.4.1/armv6-m\libgcc.a(_dvmd_tls.o)
 .bss           0x00000000        0x0 h:/gcc-arm/5.4 2016q2/bin/../lib/gcc/arm-none-eabi/5.4.1/armv6-m\libgcc.a(_dvmd_tls.o)
 .ARM.attributes
                0x00000000       0x1e h:/gcc-arm/5.4 2016q2/bin/../lib/gcc/arm-none-eabi/5.4.1/armv6-m\libgcc.a(_dvmd_tls.o)

Memory Configuration

Name             Origin             Length             Attributes
RAM              0x20000000         0x00002000         xrw
CCMRAM           0x00000000         0x00000000         xrw
FLASH            0x08000000         0x00020000         xr
FLASHB1          0x00000000         0x00000000         xr
EXTMEMB0         0x00000000         0x00000000         xr
EXTMEMB1         0x00000000         0x00000000         xr
EXTMEMB2         0x00000000         0x00000000         xr
EXTMEMB3         0x00000000         0x00000000         xr
MEMORY_ARRAY     0x00000000         0x00000000         xrw
*default*        0x00000000         0xffffffff

Linker script and memory map

LOAD ./src/BlinkLed.o
LOAD ./src/Timer.o
LOAD ./src/_write.o
LOAD ./src/main.o
LOAD h:/gcc-arm/5.4 2016q2/bin/../lib/gcc/arm-none-eabi/5.4.1/../../../../arm-none-eabi/lib/armv6-m\libstdc++_nano.a
LOAD h:/gcc-arm/5.4 2016q2/bin/../lib/gcc/arm-none-eabi/5.4.1/../../../../arm-none-eabi/lib/armv6-m\libm.a
START GROUP
LOAD h:/gcc-arm/5.4 2016q2/bin/../lib/gcc/arm-none-eabi/5.4.1/armv6-m\libgcc.a
LOAD h:/gcc-arm/5.4 2016q2/bin/../lib/gcc/arm-none-eabi/5.4.1/../../../../arm-none-eabi/lib/armv6-m\libg_nano.a
LOAD h:/gcc-arm/5.4 2016q2/bin/../lib/gcc/arm-none-eabi/5.4.1/../../../../arm-none-eabi/lib/armv6-m\libc_nano.a
END GROUP
START GROUP
LOAD h:/gcc-arm/5.4 2016q2/bin/../lib/gcc/arm-none-eabi/5.4.1/armv6-m\libgcc.a
LOAD h:/gcc-arm/5.4 2016q2/bin/../lib/gcc/arm-none-eabi/5.4.1/../../../../arm-none-eabi/lib/armv6-m\libc_nano.a
END GROUP
                0x20002000                __stack = (ORIGIN (RAM) + LENGTH (RAM))
                0x20002000                _estack = __stack
                0x00000400                __Main_Stack_Size = 0x400
                [!provide]                PROVIDE (_Main_Stack_Size, __Main_Stack_Size)
                0x20001c00                __Main_Stack_Limit = (__stack - __Main_Stack_Size)
                [!provide]                PROVIDE (_Main_Stack_Limit, __Main_Stack_Limit)
                0x00000100                _Minimum_Stack_Size = 0x100
                [!provide]                PROVIDE (_Heap_Begin, _end_noinit)
                [!provide]                PROVIDE (_Heap_Limit, (__stack - __Main_Stack_Size))

.isr_vector     0x08000000        0x0
 FILL mask 0xff
                0x08000000                __vectors_start = ABSOLUTE (.)
                0x08000000                __vectors_start__ = ABSOLUTE (.)
 *(.isr_vector)
 *(.cfmconfig)
 *(.after_vectors .after_vectors.*)

.inits          0x08000000       0x28
                0x08000000                __data_regions_array_start = .
                0x08000000        0x4 LONG 0x8000028 LOADADDR (.data)
                0x08000004        0x4 LONG 0x20000000 ADDR (.data)
                0x08000008        0x4 LONG 0x20000000 (ADDR (.data) + SIZEOF (.data))
                0x0800000c        0x4 LONG 0x8000028 LOADADDR (.data_CCMRAM)
                0x08000010        0x4 LONG 0x0 ADDR (.data_CCMRAM)
                0x08000014        0x4 LONG 0x0 (ADDR (.data_CCMRAM) + SIZEOF (.data_CCMRAM))
                0x08000018                __data_regions_array_end = .
                0x08000018                __bss_regions_array_start = .
                0x08000018        0x4 LONG 0x20000000 ADDR (.bss)
                0x0800001c        0x4 LONG 0x20000000 (ADDR (.bss) + SIZEOF (.bss))
                0x08000020        0x4 LONG 0x0 ADDR (.bss_CCMRAM)
                0x08000024        0x4 LONG 0x0 (ADDR (.bss_CCMRAM) + SIZEOF (.bss_CCMRAM))
                0x08000028                __bss_regions_array_end = .
 *(.init)
 *(.fini)
                0x08000028                . = ALIGN (0x4)
                [!provide]                PROVIDE (__preinit_array_start, .)
 *(.preinit_array_sysinit .preinit_array_sysinit.*)
 *(.preinit_array_platform .preinit_array_platform.*)
 *(.preinit_array .preinit_array.*)
                [!provide]                PROVIDE (__preinit_array_end, .)
                0x08000028                . = ALIGN (0x4)
                [!provide]                PROVIDE (__init_array_start, .)
 *(SORT(.init_array.*))
 *(.init_array)
                [!provide]                PROVIDE (__init_array_end, .)
                0x08000028                . = ALIGN (0x4)
                [!provide]                PROVIDE (__fini_array_start, .)
 *(SORT(.fini_array.*))
 *(.fini_array)
                [!provide]                PROVIDE (__fini_array_end, .)

.flashtext
 *(.flashtext .flashtext.*)

.text           0x08000028        0x0
 *(.text .text.*)
 *(.rodata .rodata.* .constdata .constdata.*)
 *(vtable)
 *(.eh_frame*)
 *(.glue_7)
 .glue_7        0x08000028        0x0 linker stubs
 *(.glue_7t)
 .glue_7t       0x08000028        0x0 linker stubs

.vfp11_veneer   0x08000028        0x0
 .vfp11_veneer  0x08000028        0x0 linker stubs

.v4_bx          0x08000028        0x0
 .v4_bx         0x08000028        0x0 linker stubs

.iplt           0x08000028        0x0
 .iplt          0x08000028        0x0 ./src/BlinkLed.o

.rel.dyn        0x08000028        0x0
 .rel.iplt      0x08000028        0x0 ./src/BlinkLed.o

.ARM.extab
 *(.ARM.extab* .gnu.linkonce.armextab.*)
                0x08000028                . = ALIGN (0x4)
                0x08000028                __exidx_start = .

.ARM.exidx
 *(.ARM.exidx* .gnu.linkonce.armexidx.*)
                0x08000028                __exidx_end = .
                0x08000028                . = ALIGN (0x4)
                0x08000028                _etext = .
                0x08000028                __etext = .

.data_CCMRAM    0x00000000        0x0 load address 0x08000028
 FILL mask 0xff
 *(.data.CCMRAM .data.CCMRAM.*)
                0x00000000                . = ALIGN (0x4)
                0x08000028                _sidata = LOADADDR (.data)

.data           0x20000000        0x0 load address 0x08000028
 FILL mask 0xff
                0x20000000                _sdata = .
                0x20000000                __data_start__ = .
 *(.data_begin .data_begin.*)
 *(.data .data.*)
 *(.data_end .data_end.*)
                0x20000000                . = ALIGN (0x4)
                0x20000000                _edata = .
                0x20000000                __data_end__ = .

.igot.plt       0x20000000        0x0 load address 0x08000028
 .igot.plt      0x20000000        0x0 ./src/BlinkLed.o

.bss_CCMRAM     0x00000000        0x0
 *(.bss.CCMRAM .bss.CCMRAM.*)

.bss            0x20000000        0x0
                0x20000000                __bss_start__ = .
                0x20000000                _sbss = .
 *(.bss_begin .bss_begin.*)
 *(.bss .bss.*)
 *(COMMON)
 *(.bss_end .bss_end.*)
                0x20000000                . = ALIGN (0x4)
                0x20000000                __bss_end__ = .
                0x20000000                _ebss = .

.noinit_CCMRAM
 *(.noinit.CCMRAM .noinit.CCMRAM.*)

.noinit         0x20000000        0x0
                0x20000000                _noinit = .
 *(.noinit .noinit.*)
                0x20000000                . = ALIGN (0x4)
                0x20000000                _end_noinit = .
                [!provide]                PROVIDE (end, _end_noinit)
                [!provide]                PROVIDE (_end, _end_noinit)
                [!provide]                PROVIDE (__end, _end_noinit)
                [!provide]                PROVIDE (__end__, _end_noinit)

._check_stack   0x20000000      0x100
                0x20000100                . = (. + _Minimum_Stack_Size)
 *fill*         0x20000000      0x100 

.b1text
 *(.b1text)
 *(.b1rodata)
 *(.b1rodata.*)

.eb0text
 *(.eb0text)
 *(.eb0rodata)
 *(.eb0rodata.*)

.eb1text
 *(.eb1text)
 *(.eb1rodata)
 *(.eb1rodata.*)

.eb2text
 *(.eb2text)
 *(.eb2rodata)
 *(.eb2rodata.*)

.eb3text
 *(.eb3text)
 *(.eb3rodata)
 *(.eb3rodata.*)

.stab
 *(.stab)

.stabstr
 *(.stabstr)

.stab.excl
 *(.stab.excl)

.stab.exclstr
 *(.stab.exclstr)

.stab.index
 *(.stab.index)

.stab.indexstr
 *(.stab.indexstr)

.comment
 *(.comment)

.debug
 *(.debug)

.line
 *(.line)

.debug_srcinfo
 *(.debug_srcinfo)

.debug_sfnames
 *(.debug_sfnames)

.debug_aranges
 *(.debug_aranges)

.debug_pubnames
 *(.debug_pubnames)

.debug_info
 *(.debug_info .gnu.linkonce.wi.*)

.debug_abbrev
 *(.debug_abbrev)

.debug_line
 *(.debug_line)

.debug_frame
 *(.debug_frame)

.debug_str
 *(.debug_str)

.debug_loc
 *(.debug_loc)

.debug_macinfo
 *(.debug_macinfo)

.debug_weaknames
 *(.debug_weaknames)

.debug_funcnames
 *(.debug_funcnames)

.debug_typenames
 *(.debug_typenames)

.debug_varnames
 *(.debug_varnames)
OUTPUT(testing.elf elf32-littlearm)
